// Vitest Snapshot v1

exports[`snapshots SOngitem.vue > renders correctly 1`] = `
<li
  class="flex justify-between items-center p-3 pl-6 cursor-pointer transition duration-300 hover:bg-gray-50 example snapshot song-id-abc"
>
  <div>
    <router-link-stub
      class="font-bold block text-gray-600"
      custom="false"
      to="[object Object]"
    />
    <span
      class="text-gray-500 text-sm"
    >
      test
    </span>
  </div>
  <div
    class="text-gray-600 text-lg"
  >
    <span
      class="comments"
    >
      <i
        class="fa fa-comments text-gray-600"
      />
       5
    </span>
  </div>
</li>
`;
